---
source: target-spec-miette/tests/snapshot/expr.rs
expression: "format!(\"{:?}\", miette::Report::new_boxed(diagnostic))"
snapshot_kind: text
---
  × error parsing cfg() expression
   ╭────
 1 │ cfg(unix
   ·    ┬
   ·    ╰── expected one of `=`, `,`, `)` here
   ╰────
